// Jest Snapshot v1, https://goo.gl/fbAQLP

exports[`<Item/> renders and matches the snapshot 1`] = `
<ItemStyles>
  <Title>
    <Link
      href={
        Object {
          "pathname": "/item",
          "query": Object {
            "id": "ABC123",
          },
        }
      }
    >
      <a>
        A cool item
      </a>
    </Link>
  </Title>
  <PriceTag>
    $40
  </PriceTag>
  <p>
    This item is really cool!
  </p>
  <div
    className="buttonList"
  >
    <Link
      href={
        Object {
          "pathname": "update",
          "query": Object {
            "id": "ABC123",
          },
        }
      }
    >
      <a>
        Edit ✏️
      </a>
    </Link>
    <AddToCart
      id="ABC123"
    />
    <DeleteItem
      id="ABC123"
    >
      Delete This Item
    </DeleteItem>
  </div>
</ItemStyles>
`;
